
======================================================================
